
> devops-poc-app@1.0.0 test
> jest --coverage --passWithNoTests

node.exe : FAIL tests/secrets.test.js
At C:\Program Files\nodejs\npm.ps1:29 char:3
+   & $NODE_EXE $NPM_CLI_JS $args
+   ~~~~~~~~~~~~~~~~~~~~~~~~~~~~~
    + CategoryInfo          : NotSpecified: (FAIL tests/secrets.test.js:String) [], RemoteException
    + FullyQualifiedErrorId : NativeCommandError
 
  Secrets Module
    loadSecret function
      √ should have a loadSecret function (12 ms)
      √ should return null when secret not found (2 ms)
      √ should fallback to environment variable (1 ms)
      √ should accept multiple secrets (1 ms)
      √ should trim whitespace from environment variables (2 ms)
    getDatabaseConfig function
      √ should have a getDatabaseConfig function (1 ms)
      √ should return an object with database configuration (4 ms)
      √ should use environment variables for database config (1 ms)
      √ should use default values when environment variables not set (2 ms)
      × should set ssl based on NODE_ENV (4 ms)
    getDatadogConfig function
      √ should have a getDatadogConfig function
      √ should return an object with Datadog configuration (1 ms)
      √ should use environment variables for Datadog config (1 ms)
      √ should use default Datadog values (1 ms)
      √ should have null apiKey when secret not found (1 ms)
    Configuration Integration
      √ should handle multiple config calls without errors (1 ms)
      √ should not mutate when accessing configs multiple times (1 ms)
      √ should respect environment variable changes (1 ms)
    Secret Loading Modes
      √ should support Kubernetes mounted secrets (1 ms)
      √ should prefer mounted secrets over environment variables (1 ms)
      √ should handle both development and production modes (1 ms)

  ● Secrets Module › getDatabaseConfig function › should set ssl based on NODE_ENV

    expect(received).toEqual(expected) // deep equality

    Expected: {"rejectUnauthorized": false}
    Received: true

      88 |       process.env.NODE_ENV = 'production';
      89 |       const prodConfig = getDatabaseConfig();
    > 90 |       expect(prodConfig.ssl).toEqual({ rejectUnauthorized: false });
         |                              ^
      91 |
      92 |       process.env.NODE_ENV = 'development';
      93 |       const devConfig = getDatabaseConfig();

      at Object.toEqual (tests/secrets.test.js:90:30)

FAIL tests/database.test.js
  Database Module
    Database Health Check
      √ should have a checkHealth function (17 ms)
      √ should return object with status property (3 ms)
      √ should return connected status on successful database check (3 ms)
      √ should handle database connection errors gracefully (1 ms)
    Database Initialization
      √ should have an initDatabase function (1 ms)
      √ should be async function (1 ms)
      × should initialize database tables (3 ms)
      × should call database queries on init (3 ms)
    Metric Recording
      √ should have a recordMetric function (1 ms)
      √ should accept metric parameters (1 ms)
      √ should handle missing parameters gracefully (3 ms)
      × should call pool.query with INSERT statement (1 ms)
    Deployment Recording
      √ should have a recordDeployment function
      √ should accept deployment parameters (1 ms)
      √ should handle various statuses
      × should call pool.query with INSERT statement
    Metrics Retrieval
      √ should have a getMetrics function
      √ should return an array (1 ms)
      √ should accept limit parameter
      √ should return metrics from database
      √ should return empty array on database error (1 ms)
    Deployments Retrieval
      √ should have a getDeployments function
      √ should return an array
      √ should accept limit parameter (1 ms)
      √ should return deployments from database
      √ should return empty array on database error
    Database Configuration
      √ should use DATABASE_HOST from environment
      √ should use DATABASE_PORT from environment (1 ms)
      × should have database connection pool
    Error Handling
      × should handle metric recording errors gracefully
      × should handle deployment recording errors gracefully

  ● Database Module › Database Initialization › should initialize database tables

    expect(received).toBeDefined()

    Received: undefined

      83 |       const db = require('../src/database');
      84 |       // Verify pool exists for connection
    > 85 |       expect(db.pool).toBeDefined();
         |                       ^
      86 |     });
      87 |
      88 |     it('should call database queries on init', async () => {

      at Object.toBeDefined (tests/database.test.js:85:23)

  ● Database Module › Database Initialization › should call database queries on init

    expect(received).toBeDefined()

    Received: undefined

      90 |       await initDatabase();
      91 |       // Verify function completes without error
    > 92 |       expect(db.pool).toBeDefined();
         |                       ^
      93 |     });
      94 |   });
      95 |

      at Object.toBeDefined (tests/database.test.js:92:23)

  ● Database Module › Metric Recording › should call pool.query with INSERT statement

    TypeError: Cannot read properties of undefined (reading 'query')

      112 |       const db = require('../src/database');
      113 |       await recordMetric('/api/test', 'POST', 201, 150);
    > 114 |       expect(db.pool.query).toHaveBeenCalledWith(
          |                      ^
      115 |         expect.stringContaining('INSERT INTO metrics'),
      116 |         expect.any(Array)
{"level":50,"time":1786386946801,"pid":43372,"hostname":"LAPTOP-QR35TRPR","msg":"Secret nonexistent-secret not found"}
      117 |       );

      at Object.query (tests/database.test.js:114:22)

  ● Database Module › Deployment Recording › should call pool.query with INSERT statement
{"level":30,"time":1786386946803,"pid":43372,"hostname":"LAPTOP-QR35TRPR","msg":"Using TEST_SECRET_VAR environment variable"}
{"level":30,"time":1786386946804,"pid":43372,"hostname":"LAPTOP-QR35TRPR","msg":"Using SECRET1 environment variable"}
{"level":30,"time":1786386946804,"pid":43372,"hostname":"LAPTOP-QR35TRPR","msg":"Using SECRET2 environment variable"}
{"level":30,"time":1786386946806,"pid":43372,"hostname":"LAPTOP-QR35TRPR","msg":"Using WHITESPACE_SECRET environment variable"}
{"level":50,"time":1786386946809,"pid":43372,"hostname":"LAPTOP-QR35TRPR","msg":"Secret db-password not found"}
{"level":30,"time":1786386946813,"pid":43372,"hostname":"LAPTOP-QR35TRPR","msg":"Using DATABASE_PASSWORD environment variable"}
{"level":50,"time":1786386946814,"pid":43372,"hostname":"LAPTOP-QR35TRPR","msg":"Secret db-password not found"}
{"level":50,"time":1786386946815,"pid":43372,"hostname":"LAPTOP-QR35TRPR","msg":"Secret db-password not found"}
{"level":50,"time":1786386946841,"pid":43372,"hostname":"LAPTOP-QR35TRPR","msg":"Secret dd-api-key not found"}
{"level":50,"time":1786386946843,"pid":43372,"hostname":"LAPTOP-QR35TRPR","msg":"Secret dd-api-key not found"}
{"level":50,"time":1786386946843,"pid":43372,"hostname":"LAPTOP-QR35TRPR","msg":"Secret dd-api-key not found"}
{"level":50,"time":1786386946845,"pid":43372,"hostname":"LAPTOP-QR35TRPR","msg":"Secret dd-api-key not found"}
{"level":50,"time":1786386946845,"pid":43372,"hostname":"LAPTOP-QR35TRPR","msg":"Secret db-password not found"}
{"level":50,"time":1786386946846,"pid":43372,"hostname":"LAPTOP-QR35TRPR","msg":"Secret dd-api-key not found"}
{"level":50,"time":1786386946846,"pid":43372,"hostname":"LAPTOP-QR35TRPR","msg":"Secret db-password not found"}
{"level":50,"time":1786386946846,"pid":43372,"hostname":"LAPTOP-QR35TRPR","msg":"Secret db-password not found"}
{"level":50,"time":1786386946846,"pid":43372,"hostname":"LAPTOP-QR35TRPR","msg":"Secret db-password not found"}
{"level":50,"time":1786386946847,"pid":43372,"hostname":"LAPTOP-QR35TRPR","msg":"Secret db-password not found"}
{"level":50,"time":1786386946848,"pid":43372,"hostname":"LAPTOP-QR35TRPR","msg":"Secret db-password not found"}
{"level":50,"time":1786386946849,"pid":43372,"hostname":"LAPTOP-QR35TRPR","msg":"Secret /var/secrets/db-password not found"}
{"level":30,"time":1786386946850,"pid":43372,"hostname":"LAPTOP-QR35TRPR","msg":"Using FALLBACK_SECRET environment variable"}
{"level":50,"time":1786386946850,"pid":43372,"hostname":"LAPTOP-QR35TRPR","msg":"Secret db-password not found"}
{"level":50,"time":1786386946851,"pid":43372,"hostname":"LAPTOP-QR35TRPR","msg":"Secret db-password not found"}
{"level":30,"time":1786386946862,"pid":37976,"hostname":"LAPTOP-QR35TRPR","msg":"Initializing database..."}
{"level":30,"time":1786386946863,"pid":37976,"hostname":"LAPTOP-QR35TRPR","msg":"Database initialized successfully"}
{"level":30,"time":1786386946871,"pid":37976,"hostname":"LAPTOP-QR35TRPR","msg":"Deployment recorded","version":"v1.0.0","environment":"production","status":"started"}
{"level":30,"time":1786386946871,"pid":37976,"hostname":"LAPTOP-QR35TRPR","msg":"Deployment recorded","version":"v1.0.0","environment":"production","status":"started"}
{"level":30,"time":1786386946871,"pid":37976,"hostname":"LAPTOP-QR35TRPR","msg":"Deployment recorded","version":"v1.0.0","environment":"production","status":"success"}
{"level":30,"time":1786386946871,"pid":37976,"hostname":"LAPTOP-QR35TRPR","msg":"Deployment recorded","version":"v1.0.0","environment":"production","status":"failed"}
{"level":30,"time":1786386946872,"pid":37976,"hostname":"LAPTOP-QR35TRPR","msg":"Deployment recorded","version":"v2.0.0","environment":"staging","status":"success"}

    TypeError: Cannot read properties of undefined (reading 'query')

      140 |       const db = require('../src/database');
      141 |       await recordDeployment('v2.0.0', 'staging', 'success');
    > 142 |       expect(db.pool.query).toHaveBeenCalledWith(
          |                      ^
      143 |         expect.stringContaining('INSERT INTO deployments'),
      144 |         expect.any(Array)
      145 |       );

      at Object.query (tests/database.test.js:142:22)

  ● Database Module › Database Configuration › should have database connection pool

    expect(received).toBeDefined()

    Received: undefined

      233 |     it('should have database connection pool', () => {
      234 |       const db = require('../src/database');
    > 235 |       expect(db.pool).toBeDefined();
          |                       ^
      236 |     });
      237 |   });
      238 |

      at Object.toBeDefined (tests/database.test.js:235:23)

  ● Database Module › Error Handling › should handle metric recording errors gracefully

    TypeError: Cannot set properties of undefined (setting 'query')

      240 |     it('should handle metric recording errors gracefully', async () => {
      241 |       const db = require('../src/database');
    > 242 |       db.pool.query = jest.fn().mockRejectedValueOnce(new Error('Insert failed'));
          |                    ^
      243 |       const result = await recordMetric('/api/test', 'GET', 500, 200);
      244 |       expect(result).toBeUndefined();
      245 |     });

      at Object.<anonymous> (tests/database.test.js:242:20)

  ● Database Module › Error Handling › should handle deployment recording errors gracefully

    TypeError: Cannot set properties of undefined (setting 'query')

      247 |     it('should handle deployment recording errors gracefully', async () => {
      248 |       const db = require('../src/database');
    > 249 |       db.pool.query = jest.fn().mockRejectedValueOnce(new Error('Insert failed'));
          |                    ^
      250 |       const result = await recordDeployment('v1.0.0', 'prod', 'failed');
      251 |       expect(result).toBeUndefined();
      252 |     });

      at Object.<anonymous> (tests/database.test.js:249:20)

PASS tests/server.test.js
  Server Configuration
    Express App Setup
      √ should have express app (12 ms)
      √ should be a valid express application
    Middleware Configuration
      √ should have JSON middleware configured
      √ should have static file serving (1 ms)
    Route Registration
      √ should have all required routes registered (1 ms)
    Security Headers
      √ should disable x-powered-by header (1 ms)
    Error Handling
      √ should have error handler middleware
    Request Handling
      √ should handle requests without errors (1 ms)
  Application Environment
    √ should support NODE_ENV variable (1 ms)
    √ should have version information (1 ms)
  Application Metadata
    √ should have required metadata (1 ms)
    √ should have required scripts (3 ms)
    √ should have required dependencies
    √ should have test dependencies (1 ms)
    √ should target Node.js 18+
  Application Constants
    √ should have correct app version
    √ should have correct app name (2 ms)
    √ should be marked as MIT licensed (1 ms)

{"level":50,"time":1786386947190,"pid":2464,"hostname":"LAPTOP-QR35TRPR","msg":"Secret db-password not found"}
{"level":50,"time":1786386947315,"pid":14496,"hostname":"LAPTOP-QR35TRPR","msg":"Secret db-password not found"}
{"level":30,"time":1786386947343,"pid":14496,"hostname":"LAPTOP-QR35TRPR","msg":"Health check called"}
{"level":30,"time":1786386947402,"pid":14496,"hostname":"LAPTOP-QR35TRPR","msg":"Health check called"}
{"level":30,"time":1786386947439,"pid":14496,"hostname":"LAPTOP-QR35TRPR","msg":"Readiness check called"}
{"level":30,"time":1786386947481,"pid":14496,"hostname":"LAPTOP-QR35TRPR","msg":"Info endpoint called"}
{"level":30,"time":1786386947488,"pid":14496,"hostname":"LAPTOP-QR35TRPR","msg":"Info endpoint called"}
{"level":30,"time":1786386947495,"pid":14496,"hostname":"LAPTOP-QR35TRPR","msg":"Metrics endpoint called"}
{"level":50,"time":1786386947523,"pid":14496,"hostname":"LAPTOP-QR35TRPR","msg":"Failed to get metrics","error":"SASL: SCRAM-SERVER-FIRST-MESSAGE: client password must be a string"}
{"level":30,"time":1786386947533,"pid":14496,"hostname":"LAPTOP-QR35TRPR","msg":"Metrics endpoint called"}
{"level":50,"time":1786386947564,"pid":14496,"hostname":"LAPTOP-QR35TRPR","msg":"Failed to get metrics","error":"SASL: SCRAM-SERVER-FIRST-MESSAGE: client password must be a string"}
{"level":30,"time":1786386947569,"pid":14496,"hostname":"LAPTOP-QR35TRPR","msg":"Demo endpoint called"}
{"level":30,"time":1786386947628,"pid":14496,"hostname":"LAPTOP-QR35TRPR","msg":"Demo endpoint called"}
{"level":50,"time":1786386947693,"pid":14496,"hostname":"LAPTOP-QR35TRPR","msg":"Error endpoint called - simulating error"}
{"level":40,"time":1786386947694,"pid":14496,"hostname":"LAPTOP-QR35TRPR","msg":"Request issue","method":"GET","path":"/api/error","status":500,"duration":"1ms"}
{"level":40,"time":1786386947699,"pid":14496,"hostname":"LAPTOP-QR35TRPR","msg":"404 - Path not found: /nonexistent"}
{"level":40,"time":1786386947699,"pid":14496,"hostname":"LAPTOP-QR35TRPR","msg":"Request issue","method":"GET","path":"/nonexistent","status":404,"duration":"1ms"}
{"level":30,"time":1786386947702,"pid":14496,"hostname":"LAPTOP-QR35TRPR","msg":"Health check called"}
{"level":40,"time":1786386947747,"pid":14496,"hostname":"LAPTOP-QR35TRPR","msg":"404 - Path not found: /api/info"}
{"level":40,"time":1786386947747,"pid":14496,"hostname":"LAPTOP-QR35TRPR","msg":"Request issue","method":"POST","path":"/api/info","status":404,"duration":"0ms"}
{"level":30,"time":1786386947751,"pid":14496,"hostname":"LAPTOP-QR35TRPR","msg":"Health check called"}
{"level":30,"time":1786386947900,"pid":14496,"hostname":"LAPTOP-QR35TRPR","msg":"Health check called"}
{"level":30,"time":1786386947944,"pid":14496,"hostname":"LAPTOP-QR35TRPR","msg":"Health check called"}
{"level":30,"time":1786386947945,"pid":14496,"hostname":"LAPTOP-QR35TRPR","msg":"Health check called"}
{"level":30,"time":1786386947946,"pid":14496,"hostname":"LAPTOP-QR35TRPR","msg":"Health check called"}
{"level":30,"time":1786386947946,"pid":14496,"hostname":"LAPTOP-QR35TRPR","msg":"Health check called"}
{"level":30,"time":1786386947946,"pid":14496,"hostname":"LAPTOP-QR35TRPR","msg":"Health check called"}
{"level":30,"time":1786386948020,"pid":14496,"hostname":"LAPTOP-QR35TRPR","msg":"Health check called"}
FAIL tests/app.test.js
  DevOps POC Application
    GET /health
      √ should return 200 with healthy status (75 ms)
      √ should return timestamp in ISO format (36 ms)
    GET /ready
      × should return 200 with ready status (38 ms)
    GET /api/info
      √ should return application information (6 ms)
      √ should contain DevOps features (6 ms)
    GET /api/metrics
      √ should return system metrics (37 ms)
      √ should return positive memory values (39 ms)
    GET /api/demo
      √ should return demo response (57 ms)
      √ should complete within reasonable time (65 ms)
    GET /api/error
      √ should return error response (6 ms)
    GET /nonexistent
      √ should return 404 for nonexistent routes (4 ms)
    HTTP Methods
      √ should handle GET requests (34 ms)
      √ should handle POST requests with JSON (15 ms)
    Response Headers
      √ should not expose server header (148 ms)
      √ should return JSON content type (37 ms)
    Concurrent Requests
      √ should handle multiple concurrent requests (83 ms)
    Performance
      √ should respond to health check in under 100ms (37 ms)

  ● DevOps POC Application › GET /ready › should return 200 with ready status

    expect(received).toHaveProperty(path, value)

    Expected path: "ready"

    Expected value: true
    Received value: false

      25 |
      26 |       expect(res.status).toBe(200);
    > 27 |       expect(res.body).toHaveProperty('ready', true);
         |                        ^
      28 |       expect(res.body).toHaveProperty('database');
      29 |       expect(res.body).toHaveProperty('cache');
      30 |     });

      at Object.toHaveProperty (tests/app.test.js:27:24)

A worker process has failed to exit gracefully and has been force exited. This is likely caused by tests leaking due 
to improper teardown. Try running with --detectOpenHandles to find leaks. Active timers can also cause this, ensure 
that .unref() was called on them.
--------------|---------|----------|---------|---------|---------------------------------------
File          | % Stmts | % Branch | % Funcs | % Lines | Uncovered Line #s                     
--------------|---------|----------|---------|---------|---------------------------------------
All files     |   82.53 |    67.18 |   78.57 |   84.56 |                                       
 Devops       |   88.23 |    41.66 |      75 |   88.23 |                                       
  app.js      |   88.23 |    41.66 |      75 |   88.23 | 74,82-84,132-138                      
 Devops/src   |      80 |    73.07 |   81.25 |   82.88 |                                       
  database.js |    75.8 |    56.25 |   85.71 |   81.03 | 24-27,35-36,81-82,100,117,150-151,160 
  logger.js   |     100 |      100 |     100 |     100 |                                       
  metrics.js  |   86.66 |    64.28 |   66.66 |   86.66 | 15,59-63                              
  secrets.js  |      80 |       90 |     100 |      80 | 14-19                                 
--------------|---------|----------|---------|---------|---------------------------------------

=============================== Coverage summary ===============================
Statements   : 82.53% ( 137/166 )
Branches     : 67.18% ( 43/64 )
Functions    : 78.57% ( 22/28 )
Lines        : 84.56% ( 137/162 )
================================================================================
Test Suites: 3 failed, 1 passed, 4 total
Tests:       9 failed, 78 passed, 87 total
Snapshots:   0 total
Time:        3.705 s
Ran all test suites.
